Time is 2018-03-14T03:29:07Z
